// Jest Snapshot v1, https://goo.gl/fbAQLP

exports[`Pages/Main Should Render Main Page Without Crash 1`] = `Promise {}`;
